db_ua_0.pbm 0
db_ua_1.pbm 1
db_ua_2.pbm 2
db_ua_3.pbm 3
db_ua_4.pbm 4
db_ua_5.pbm 5
db_ua_6.pbm 6
db_ua_7.pbm 7
db_ua_8.pbm 8
db_ua_9.pbm 9
db_ua_a.pbm a
db_ua_b.pbm b
db_ua_c.pbm c
db_ua_d.pbm d
db_ua_e.pbm e
db_ua_f.pbm f
db_ua_g.pbm g
db_ua_h.pbm h
db_ua_i.pbm i
db_ua_j.pbm j
db_ua_k.pbm k
db_ua_l.pbm l
db_ua_m.pbm m
db_ua_n.pbm n
db_ua_o.pbm o
db_ua_p.pbm p
db_ua_q.pbm q
db_ua_r.pbm r
db_ua_s.pbm s
db_ua_t.pbm t
db_ua_u.pbm u
db_ua_v.pbm v
db_ua_w.pbm w
db_ua_x.pbm x
db_ua_y.pbm y
db_ua_z.pbm z
db_ub_0.pbm 0
db_ub_1.pbm 1
db_ub_2.pbm 2
db_ub_3.pbm 3
db_ub_4.pbm 4
db_ub_5.pbm 5
db_ub_6.pbm 6
db_ub_7.pbm 7
db_ub_8.pbm 8
db_ub_9.pbm 9
db_ub_a.pbm a
db_ub_b.pbm b
db_ub_c.pbm c
db_ub_d.pbm d
db_ub_e.pbm e
db_ub_f.pbm f
db_ub_g.pbm g
db_ub_h.pbm h
db_ub_i.pbm i
db_ub_j.pbm j
db_ub_k.pbm k
db_ub_l.pbm l
db_ub_m.pbm m
db_ub_n.pbm n
db_ub_o.pbm o
db_ub_p.pbm p
db_ub_q.pbm q
db_ub_r.pbm r
db_ub_s.pbm s
db_ub_t.pbm t
db_ub_u.pbm u
db_ub_v.pbm v
db_ub_w.pbm w
db_ub_x.pbm x
db_ub_y.pbm y
db_ub_z.pbm z
db_uc_0.pbm 0
db_uc_1.pbm 1
db_uc_2.pbm 2
db_uc_3.pbm 3
db_uc_4.pbm 4
db_uc_5.pbm 5
db_uc_6.pbm 6
db_uc_7.pbm 7
db_uc_8.pbm 8
db_uc_9.pbm 9
db_uc_a.pbm a
db_uc_b.pbm b
db_uc_c.pbm c
db_uc_d.pbm d
db_uc_e.pbm e
db_uc_f.pbm f
db_uc_g.pbm g
db_uc_h.pbm h
db_uc_i.pbm i
db_uc_j.pbm j
db_uc_k.pbm k
db_uc_l.pbm l
db_uc_m.pbm m
db_uc_n.pbm n
db_uc_o.pbm o
db_uc_p.pbm p
db_uc_q.pbm q
db_uc_r.pbm r
db_uc_s.pbm s
db_uc_t.pbm t
db_uc_u.pbm u
db_uc_v.pbm v
db_uc_w.pbm w
db_uc_x.pbm x
db_uc_y.pbm y
db_uc_z.pbm z
db_uo_1.pbm 1
db_uo_2.pbm 2
db_uo_3.pbm 3
db_uo_4.pbm 4
db_uo_6.pbm 6
db_uo_7.pbm 7
db_uo_8.pbm 8
db_uo_b.pbm b
db_uo_c.pbm c
db_uo_d.pbm d
db_uo_f.pbm f
db_uo_h.pbm h
db_uo_j.pbm j
db_uo_k.pbm k
db_uo_m.pbm m
db_uo_n.pbm n
db_uo_p.pbm p
db_uo_r.pbm r
db_uo_t.pbm t
db_uo_v.pbm v
db_uo_w.pbm w
db_uo_x.pbm x
db_uo_y.pbm y
